\BOOKMARK [1][-]{section.1}{\376\377\000A\000b\000s\000t\000r\000a\000c\000t}{}% 1
\BOOKMARK [1][-]{section.2}{\376\377\000C\000o\000n\000c\000e\000p\000t\000u\000a\000l\000\040\000d\000e\000s\000i\000g\000n}{}% 2
\BOOKMARK [2][-]{subsection.2.1}{\376\377\000C\000-\000I\000D\000M\000\040\000D\000i\000a\000g\000r\000a\000m}{section.2}% 3
\BOOKMARK [2][-]{subsection.2.2}{\376\377\000C\000o\000n\000t\000e\000n\000t\000-\000i\000n\000-\000t\000h\000e\000\040\000s\000m\000a\000l\000l\000\040\000T\000a\000b\000l\000e\000s}{section.2}% 4
\BOOKMARK [3][-]{subsubsection.2.2.1}{\376\377\000T\000o\000p\000i\000c\000s}{subsection.2.2}% 5
\BOOKMARK [3][-]{subsubsection.2.2.2}{\376\377\000K\000i\000n\000d\000\040\000o\000f\000\040\000T\000o\000p\000i\000c}{subsection.2.2}% 6
\BOOKMARK [3][-]{subsubsection.2.2.3}{\376\377\000G\000r\000o\000u\000p\000\040\000o\000f\000\040\000T\000o\000p\000i\000c\000s}{subsection.2.2}% 7
\BOOKMARK [1][-]{section.3}{\376\377\000F\000i\000n\000a\000l\000\040\000C\000o\000m\000m\000e\000n\000t\000e\000d\000\040\000S\000c\000r\000e\000e\000n\000s\000h\000o\000t\000s}{}% 8
\BOOKMARK [1][-]{section.4}{\376\377\000I\000n\000t\000e\000r\000a\000c\000t\000i\000o\000n\000\040\000s\000c\000e\000n\000a\000r\000i\000o\000s}{}% 9
\BOOKMARK [2][-]{subsection.4.1}{\376\377\000U\000s\000e\000\040\000c\000a\000s\000e\000\040\0001}{section.4}% 10
\BOOKMARK [3][-]{subsubsection.4.1.1}{\376\377\000T\000e\000x\000t\000u\000a\000l\000\040\000n\000a\000r\000r\000a\000t\000i\000v\000e}{subsection.4.1}% 11
\BOOKMARK [3][-]{subsubsection.4.1.2}{\376\377\000I\000n\000t\000e\000r\000a\000c\000t\000i\000o\000n\000\040\000F\000l\000o\000w}{subsection.4.1}% 12
\BOOKMARK [2][-]{subsection.4.2}{\376\377\000U\000s\000e\000\040\000c\000a\000s\000e\000\040\0002}{section.4}% 13
\BOOKMARK [3][-]{subsubsection.4.2.1}{\376\377\000T\000e\000x\000t\000u\000a\000l\000\040\000n\000a\000r\000r\000a\000t\000i\000v\000e}{subsection.4.2}% 14
\BOOKMARK [3][-]{subsubsection.4.2.2}{\376\377\000I\000n\000t\000e\000r\000a\000c\000t\000i\000o\000n\000\040\000F\000l\000o\000w}{subsection.4.2}% 15
\BOOKMARK [2][-]{subsection.4.3}{\376\377\000U\000s\000e\000\040\000c\000a\000s\000e\000\040\0003}{section.4}% 16
\BOOKMARK [3][-]{subsubsection.4.3.1}{\376\377\000T\000e\000x\000t\000u\000a\000l\000\040\000n\000a\000r\000r\000a\000t\000i\000v\000e}{subsection.4.3}% 17
\BOOKMARK [1][-]{section.5}{\376\377\000D\000a\000t\000a\000b\000a\000s\000e\000\040\000D\000e\000s\000i\000g\000n}{}% 18
\BOOKMARK [2][-]{subsection.5.1}{\376\377\000E\000x\000p\000l\000a\000n\000a\000t\000i\000o\000n\000\040\000o\000f\000\040\000R\000e\000l\000a\000t\000i\000o\000n\000s\000h\000i\000p\000\040\000S\000y\000m\000b\000o\000l\000s}{section.5}% 19
\BOOKMARK [2][-]{subsection.5.2}{\376\377\000E\000n\000t\000i\000t\000y\000-\000R\000e\000l\000a\000t\000i\000o\000n\000\040\000D\000i\000a\000g\000r\000a\000m}{section.5}% 20
